../Core/Src/main.c:71:6:HAL_I2S_RxCpltCallback	16	static
../Core/Src/main.c:83:5:main	16	static
../Core/Src/main.c:147:6:SystemClock_Config	88	static
../Core/Src/main.c:193:6:PeriphCommonClock_Config	32	static
../Core/Src/main.c:214:13:MX_I2C1_Init	8	static
../Core/Src/main.c:248:13:MX_I2S2_Init	8	static
../Core/Src/main.c:282:13:MX_I2S3_Init	8	static
../Core/Src/main.c:314:13:MX_DMA_Init	16	static
../Core/Src/main.c:335:13:MX_GPIO_Init	24	static
../Core/Src/main.c:357:6:Error_Handler	4	static,ignoring_inline_asm
